../Core/Src/main.c:83:6:HAL_TIM_PeriodElapsedCallback	16	static
../Core/Src/main.c:101:6:HAL_TIM_OC_DelayElapsedCallback	16	static
../Core/Src/main.c:116:6:HAL_GPIO_EXTI_Callback	16	static
../Core/Src/main.c:155:5:main	8	static
../Core/Src/main.c:239:6:SystemClock_Config	112	static
../Core/Src/main.c:287:13:MX_LPUART1_UART_Init	8	static
../Core/Src/main.c:321:13:MX_TIM2_Init	48	static
../Core/Src/main.c:389:13:MX_TIM21_Init	32	static
../Core/Src/main.c:434:13:MX_GPIO_Init	48	static
../Core/Src/main.c:513:6:Error_Handler	8	static,ignoring_inline_asm
