../Core/Src/main.c:75:6:HAL_TIM_PeriodElapsedCallback	16	static
../Core/Src/main.c:80:6:HAL_TIM_OC_DelayElapsedCallback	16	static
../Core/Src/main.c:95:6:HAL_GPIO_EXTI_Callback	16	static
../Core/Src/main.c:136:5:main	8	static
../Core/Src/main.c:188:6:SystemClock_Config	112	static
../Core/Src/main.c:238:13:MX_LPTIM1_Init	8	static
../Core/Src/main.c:270:13:MX_LPUART1_UART_Init	8	static
../Core/Src/main.c:304:13:MX_TIM2_Init	48	static
../Core/Src/main.c:372:13:MX_GPIO_Init	48	static
../Core/Src/main.c:451:6:Error_Handler	8	static,ignoring_inline_asm
